2026-04-13 15:22:04,540 - INFO - 任务 brainstorm-py-001 -> completed
2026-04-13 15:29:25,903 - INFO - Registered agents: {'agent-python', 'agent-reviewer', 'agent-go', 'agent-java', 'agent-brainstormer', 'agent-cs', 'agent-cpp', 'agent-dsa', 'agent-js'}
2026-04-13 15:29:34,314 - INFO - Registered agents: {'agent-brainstormer', 'agent-cpp', 'agent-java', 'agent-reviewer', 'agent-go', 'agent-js', 'agent-dsa', 'agent-cs', 'agent-python'}
2026-04-13 15:30:14,721 - INFO - Registered agents: {'agent-cpp', 'agent-go', 'agent-dsa', 'agent-js', 'agent-python', 'agent-brainstormer', 'agent-cs', 'agent-java', 'agent-reviewer'}
2026-04-13 15:33:57,319 - INFO - 任务 brainstorm-cs-001 -> completed
2026-04-13 15:36:35,694 - INFO - 任务 brainstorm-go-001 -> completed
2026-04-13 15:37:31,376 - INFO - 任务 brainstorm-dsa-001 -> completed
2026-04-13 15:38:41,665 - INFO - 任务 brainstorm-js-001 -> completed
2026-04-13 15:40:41,873 - INFO - 任务 brainstorm-java-001 -> completed
2026-04-13 15:41:44,430 - INFO - 任务 brainstorm-cpp-001 -> completed
2026-04-13 15:41:58,793 - INFO - 任务 brainstorm-py-001 -> completed
2026-04-13 15:42:29,345 - INFO - Registered agents: {'agent-go', 'agent-dsa', 'agent-js', 'agent-cpp', 'agent-reviewer', 'agent-python', 'agent-cs', 'agent-brainstormer', 'agent-java'}
2026-04-13 15:43:11,004 - INFO - Registered agents: {'agent-java', 'agent-js', 'agent-go', 'agent-python', 'agent-reviewer', 'agent-brainstormer', 'agent-dsa', 'agent-cs', 'agent-cpp'}
2026-04-13 15:44:04,606 - INFO - 任务 act-go-001 -> completed
2026-04-13 15:44:50,039 - INFO - 任务 act-cs-001 -> completed
2026-04-13 15:44:52,799 - INFO - 任务 act-js-001 -> completed
2026-04-13 15:44:59,763 - INFO - 任务 act-java-001 -> completed
2026-04-13 15:45:08,772 - INFO - 任务 act-dsa-001 -> completed
2026-04-13 15:45:46,908 - INFO - 任务 act-cpp-001 -> completed
2026-04-13 15:46:05,528 - INFO - 任务 act-py-001 -> completed
2026-04-13 15:46:29,415 - INFO - Registered agents: {'agent-python', 'agent-cs', 'agent-go', 'agent-js', 'agent-cpp', 'agent-java', 'agent-dsa', 'agent-reviewer', 'agent-brainstormer'}
2026-04-13 15:48:30,653 - INFO - 任务 review-go-001 -> completed
2026-04-13 15:48:39,509 - INFO - 任务 review-cpp-001 -> completed
2026-04-13 15:48:40,317 - INFO - 任务 review-java-001 -> completed
2026-04-13 15:48:50,247 - INFO - 任务 review-js-001 -> completed
2026-04-13 15:49:06,222 - INFO - 任务 review-cs-001 -> completed
2026-04-13 15:49:30,946 - INFO - 任务 review-dsa-001 -> completed
2026-04-13 15:49:41,048 - INFO - 任务 review-py-001 -> completed
